/home/ubuntu/backend-api-ai-monorepo/env/lib/python3.12/site-packages/pydantic/_internal/_config.py:373: UserWarning: Valid config keys have changed in V2:
* 'orm_mode' has been renamed to 'from_attributes'
  warnings.warn(message, UserWarning)
/home/ubuntu/backend-api-ai-monorepo/env/lib/python3.12/site-packages/pydantic/_internal/_config.py:373: UserWarning: Valid config keys have changed in V2:
* 'orm_mode' has been renamed to 'from_attributes'
  warnings.warn(message, UserWarning)
INFO:     Started server process [105825]
INFO:     Waiting for application startup.
INFO:     Application startup complete.
INFO:     Uvicorn running on http://0.0.0.0:8000 (Press CTRL+C to quit)
[DEBUG] DATABASE_URL: mysql+pymysql://admin:capstone12345@database-bookie.cz4g462iwdl0.us-east-2.rds.amazonaws.com:3306/fastapi_project
[DEBUG] engine: Engine(mysql+pymysql://admin:***@database-bookie.cz4g462iwdl0.us-east-2.rds.amazonaws.com:3306/fastapi_project)
[DEBUG] SessionLocal: sessionmaker(class_='Session', autocommit=False, bind=Engine(mysql+pymysql://admin:***@database-bookie.cz4g462iwdl0.us-east-2.rds.amazonaws.com:3306/fastapi_project), autoflush=False, expire_on_commit=True)
▶️ 현재 DB에 저장된 User 레코드들:
  - id=1, name=string, email=string
  - id=5, name=string, email=wldls317@naver.com
  - id=6, name=유저, email=user@gmail.com
  - id=8, name=이신행, email=shinhaeng1204@gmail.com
  - id=9, name=푸드, email=food@gmail.com
  - id=10, name=에어, email=air@gmail.com
  - id=11, name=이지인 , email=wldls317@gmail.com
  - id=12, name=doeui, email=loi97weewee@gmail.com
▶️ 세션 ID: wldls317@naver.com에 대한 로그:
 프린트 2025-05-20 08:15:28: 안녕 난 이지인임 (role: string)
 프린트 2025-05-20 08:15:52: 안녕 난 이지인임2 (role: string)
INFO:     49.1.196.94:57001 - "GET /docs HTTP/1.1" 200 OK
INFO:     49.1.196.94:57001 - "GET /openapi.json HTTP/1.1" 200 OK
🔥 BEFORE TASK
[DEBUG] Sending to task: user_id=12, params={'origin': 'ICN', 'destination': 'HND', 'departure_date': '2025-06-15'}
🔥 AFTER TASK
INFO:     49.1.196.94:57006 - "POST /price/track HTTP/1.1" 200 OK
INFO:     Shutting down
INFO:     Waiting for application shutdown.
INFO:     Application shutdown complete.
INFO:     Finished server process [105825]
/home/ubuntu/backend-api-ai-monorepo/env/lib/python3.12/site-packages/pydantic/_internal/_config.py:373: UserWarning: Valid config keys have changed in V2:
* 'orm_mode' has been renamed to 'from_attributes'
  warnings.warn(message, UserWarning)
[DEBUG] DATABASE_URL: mysql+pymysql://admin:capstone12345@database-bookie.cz4g462iwdl0.us-east-2.rds.amazonaws.com:3306/fastapi_project
[DEBUG] engine: Engine(mysql+pymysql://admin:***@database-bookie.cz4g462iwdl0.us-east-2.rds.amazonaws.com:3306/fastapi_project)
[DEBUG] SessionLocal: sessionmaker(class_='Session', autocommit=False, bind=Engine(mysql+pymysql://admin:***@database-bookie.cz4g462iwdl0.us-east-2.rds.amazonaws.com:3306/fastapi_project), autoflush=False, expire_on_commit=True)
Traceback (most recent call last):
  File "/home/ubuntu/backend-api-ai-monorepo/env/bin/uvicorn", line 8, in <module>
    sys.exit(main())
             ^^^^^^
  File "/home/ubuntu/backend-api-ai-monorepo/env/lib/python3.12/site-packages/click/core.py", line 1442, in __call__
    return self.main(*args, **kwargs)
           ^^^^^^^^^^^^^^^^^^^^^^^^^^
  File "/home/ubuntu/backend-api-ai-monorepo/env/lib/python3.12/site-packages/click/core.py", line 1363, in main
    rv = self.invoke(ctx)
         ^^^^^^^^^^^^^^^^
  File "/home/ubuntu/backend-api-ai-monorepo/env/lib/python3.12/site-packages/click/core.py", line 1226, in invoke
    return ctx.invoke(self.callback, **ctx.params)
           ^^^^^^^^^^^^^^^^^^^^^^^^^^^^^^^^^^^^^^^
  File "/home/ubuntu/backend-api-ai-monorepo/env/lib/python3.12/site-packages/click/core.py", line 794, in invoke
    return callback(*args, **kwargs)
           ^^^^^^^^^^^^^^^^^^^^^^^^^
  File "/home/ubuntu/backend-api-ai-monorepo/env/lib/python3.12/site-packages/uvicorn/main.py", line 413, in main
    run(
  File "/home/ubuntu/backend-api-ai-monorepo/env/lib/python3.12/site-packages/uvicorn/main.py", line 580, in run
    server.run()
  File "/home/ubuntu/backend-api-ai-monorepo/env/lib/python3.12/site-packages/uvicorn/server.py", line 66, in run
    return asyncio.run(self.serve(sockets=sockets))
           ^^^^^^^^^^^^^^^^^^^^^^^^^^^^^^^^^^^^^^^^
  File "/usr/lib/python3.12/asyncio/runners.py", line 194, in run
    return runner.run(main)
           ^^^^^^^^^^^^^^^^
  File "/usr/lib/python3.12/asyncio/runners.py", line 118, in run
    return self._loop.run_until_complete(task)
           ^^^^^^^^^^^^^^^^^^^^^^^^^^^^^^^^^^^
  File "/usr/lib/python3.12/asyncio/base_events.py", line 687, in run_until_complete
    return future.result()
           ^^^^^^^^^^^^^^^
  File "/home/ubuntu/backend-api-ai-monorepo/env/lib/python3.12/site-packages/uvicorn/server.py", line 70, in serve
    await self._serve(sockets)
  File "/home/ubuntu/backend-api-ai-monorepo/env/lib/python3.12/site-packages/uvicorn/server.py", line 77, in _serve
    config.load()
  File "/home/ubuntu/backend-api-ai-monorepo/env/lib/python3.12/site-packages/uvicorn/config.py", line 435, in load
    self.loaded_app = import_from_string(self.app)
                      ^^^^^^^^^^^^^^^^^^^^^^^^^^^^
  File "/home/ubuntu/backend-api-ai-monorepo/env/lib/python3.12/site-packages/uvicorn/importer.py", line 19, in import_from_string
    module = importlib.import_module(module_str)
             ^^^^^^^^^^^^^^^^^^^^^^^^^^^^^^^^^^^
  File "/usr/lib/python3.12/importlib/__init__.py", line 90, in import_module
    return _bootstrap._gcd_import(name[level:], package, level)
           ^^^^^^^^^^^^^^^^^^^^^^^^^^^^^^^^^^^^^^^^^^^^^^^^^^^^
  File "<frozen importlib._bootstrap>", line 1387, in _gcd_import
  File "<frozen importlib._bootstrap>", line 1360, in _find_and_load
  File "<frozen importlib._bootstrap>", line 1331, in _find_and_load_unlocked
  File "<frozen importlib._bootstrap>", line 935, in _load_unlocked
  File "<frozen importlib._bootstrap_external>", line 995, in exec_module
  File "<frozen importlib._bootstrap>", line 488, in _call_with_frames_removed
  File "/home/ubuntu/backend-api-ai-monorepo/apps/api-server/workspace/fastapi-project/main.py", line 5, in <module>
    from routers import user_router, hotel_router, flight_router, reservation_router, chat_log, price_track_router
  File "/home/ubuntu/backend-api-ai-monorepo/apps/api-server/workspace/fastapi-project/routers/__init__.py", line 5, in <module>
    from .price_track import router as price_track_router
  File "/home/ubuntu/backend-api-ai-monorepo/apps/api-server/workspace/fastapi-project/routers/price_track.py", line 6, in <module>
    from tasks.price_check_task import check_price
  File "/home/ubuntu/backend-api-ai-monorepo/apps/api-server/workspace/fastapi-project/tasks/__init__.py", line 2, in <module>
    from .price_check_task import check_price
  File "/home/ubuntu/backend-api-ai-monorepo/apps/api-server/workspace/fastapi-project/tasks/price_check_task.py", line 84
    else:
    ^^^^
SyntaxError: invalid syntax
/home/ubuntu/backend-api-ai-monorepo/env/lib/python3.12/site-packages/pydantic/_internal/_config.py:373: UserWarning: Valid config keys have changed in V2:
* 'orm_mode' has been renamed to 'from_attributes'
  warnings.warn(message, UserWarning)
/home/ubuntu/backend-api-ai-monorepo/env/lib/python3.12/site-packages/pydantic/_internal/_config.py:373: UserWarning: Valid config keys have changed in V2:
* 'orm_mode' has been renamed to 'from_attributes'
  warnings.warn(message, UserWarning)
[DEBUG] DATABASE_URL: mysql+pymysql://admin:capstone12345@database-bookie.cz4g462iwdl0.us-east-2.rds.amazonaws.com:3306/fastapi_project
[DEBUG] engine: Engine(mysql+pymysql://admin:***@database-bookie.cz4g462iwdl0.us-east-2.rds.amazonaws.com:3306/fastapi_project)
[DEBUG] SessionLocal: sessionmaker(class_='Session', autocommit=False, bind=Engine(mysql+pymysql://admin:***@database-bookie.cz4g462iwdl0.us-east-2.rds.amazonaws.com:3306/fastapi_project), autoflush=False, expire_on_commit=True)
Traceback (most recent call last):
  File "/home/ubuntu/backend-api-ai-monorepo/env/bin/uvicorn", line 8, in <module>
    sys.exit(main())
             ^^^^^^
  File "/home/ubuntu/backend-api-ai-monorepo/env/lib/python3.12/site-packages/click/core.py", line 1442, in __call__
    return self.main(*args, **kwargs)
           ^^^^^^^^^^^^^^^^^^^^^^^^^^
  File "/home/ubuntu/backend-api-ai-monorepo/env/lib/python3.12/site-packages/click/core.py", line 1363, in main
    rv = self.invoke(ctx)
         ^^^^^^^^^^^^^^^^
  File "/home/ubuntu/backend-api-ai-monorepo/env/lib/python3.12/site-packages/click/core.py", line 1226, in invoke
    return ctx.invoke(self.callback, **ctx.params)
           ^^^^^^^^^^^^^^^^^^^^^^^^^^^^^^^^^^^^^^^
  File "/home/ubuntu/backend-api-ai-monorepo/env/lib/python3.12/site-packages/click/core.py", line 794, in invoke
    return callback(*args, **kwargs)
           ^^^^^^^^^^^^^^^^^^^^^^^^^
  File "/home/ubuntu/backend-api-ai-monorepo/env/lib/python3.12/site-packages/uvicorn/main.py", line 413, in main
    run(
  File "/home/ubuntu/backend-api-ai-monorepo/env/lib/python3.12/site-packages/uvicorn/main.py", line 580, in run
    server.run()
  File "/home/ubuntu/backend-api-ai-monorepo/env/lib/python3.12/site-packages/uvicorn/server.py", line 66, in run
    return asyncio.run(self.serve(sockets=sockets))
           ^^^^^^^^^^^^^^^^^^^^^^^^^^^^^^^^^^^^^^^^
  File "/usr/lib/python3.12/asyncio/runners.py", line 194, in run
    return runner.run(main)
           ^^^^^^^^^^^^^^^^
  File "/usr/lib/python3.12/asyncio/runners.py", line 118, in run
    return self._loop.run_until_complete(task)
           ^^^^^^^^^^^^^^^^^^^^^^^^^^^^^^^^^^^
  File "/usr/lib/python3.12/asyncio/base_events.py", line 687, in run_until_complete
    return future.result()
           ^^^^^^^^^^^^^^^
  File "/home/ubuntu/backend-api-ai-monorepo/env/lib/python3.12/site-packages/uvicorn/server.py", line 70, in serve
    await self._serve(sockets)
  File "/home/ubuntu/backend-api-ai-monorepo/env/lib/python3.12/site-packages/uvicorn/server.py", line 77, in _serve
    config.load()
  File "/home/ubuntu/backend-api-ai-monorepo/env/lib/python3.12/site-packages/uvicorn/config.py", line 435, in load
    self.loaded_app = import_from_string(self.app)
                      ^^^^^^^^^^^^^^^^^^^^^^^^^^^^
  File "/home/ubuntu/backend-api-ai-monorepo/env/lib/python3.12/site-packages/uvicorn/importer.py", line 19, in import_from_string
    module = importlib.import_module(module_str)
             ^^^^^^^^^^^^^^^^^^^^^^^^^^^^^^^^^^^
  File "/usr/lib/python3.12/importlib/__init__.py", line 90, in import_module
    return _bootstrap._gcd_import(name[level:], package, level)
           ^^^^^^^^^^^^^^^^^^^^^^^^^^^^^^^^^^^^^^^^^^^^^^^^^^^^
  File "<frozen importlib._bootstrap>", line 1387, in _gcd_import
  File "<frozen importlib._bootstrap>", line 1360, in _find_and_load
  File "<frozen importlib._bootstrap>", line 1331, in _find_and_load_unlocked
  File "<frozen importlib._bootstrap>", line 935, in _load_unlocked
  File "<frozen importlib._bootstrap_external>", line 995, in exec_module
  File "<frozen importlib._bootstrap>", line 488, in _call_with_frames_removed
  File "/home/ubuntu/backend-api-ai-monorepo/apps/api-server/workspace/fastapi-project/main.py", line 5, in <module>
    from routers import user_router, hotel_router, flight_router, reservation_router, chat_log, price_track_router
  File "/home/ubuntu/backend-api-ai-monorepo/apps/api-server/workspace/fastapi-project/routers/__init__.py", line 5, in <module>
    from .price_track import router as price_track_router
  File "/home/ubuntu/backend-api-ai-monorepo/apps/api-server/workspace/fastapi-project/routers/price_track.py", line 6, in <module>
    from tasks.price_check_task import check_price
  File "/home/ubuntu/backend-api-ai-monorepo/apps/api-server/workspace/fastapi-project/tasks/__init__.py", line 2, in <module>
    from .price_check_task import check_price
  File "/home/ubuntu/backend-api-ai-monorepo/apps/api-server/workspace/fastapi-project/tasks/price_check_task.py", line 84
    else:
    ^^^^
SyntaxError: invalid syntax
[DEBUG] DATABASE_URL: mysql+pymysql://admin:capstone12345@database-bookie.cz4g462iwdl0.us-east-2.rds.amazonaws.com:3306/fastapi_project
[DEBUG] engine: Engine(mysql+pymysql://admin:***@database-bookie.cz4g462iwdl0.us-east-2.rds.amazonaws.com:3306/fastapi_project)
[DEBUG] SessionLocal: sessionmaker(class_='Session', autocommit=False, bind=Engine(mysql+pymysql://admin:***@database-bookie.cz4g462iwdl0.us-east-2.rds.amazonaws.com:3306/fastapi_project), autoflush=False, expire_on_commit=True)
Traceback (most recent call last):
  File "/home/ubuntu/backend-api-ai-monorepo/env/bin/uvicorn", line 8, in <module>
    sys.exit(main())
             ^^^^^^
  File "/home/ubuntu/backend-api-ai-monorepo/env/lib/python3.12/site-packages/click/core.py", line 1442, in __call__
    return self.main(*args, **kwargs)
           ^^^^^^^^^^^^^^^^^^^^^^^^^^
  File "/home/ubuntu/backend-api-ai-monorepo/env/lib/python3.12/site-packages/click/core.py", line 1363, in main
    rv = self.invoke(ctx)
         ^^^^^^^^^^^^^^^^
  File "/home/ubuntu/backend-api-ai-monorepo/env/lib/python3.12/site-packages/click/core.py", line 1226, in invoke
    return ctx.invoke(self.callback, **ctx.params)
           ^^^^^^^^^^^^^^^^^^^^^^^^^^^^^^^^^^^^^^^
  File "/home/ubuntu/backend-api-ai-monorepo/env/lib/python3.12/site-packages/click/core.py", line 794, in invoke
    return callback(*args, **kwargs)
           ^^^^^^^^^^^^^^^^^^^^^^^^^
  File "/home/ubuntu/backend-api-ai-monorepo/env/lib/python3.12/site-packages/uvicorn/main.py", line 413, in main
    run(
  File "/home/ubuntu/backend-api-ai-monorepo/env/lib/python3.12/site-packages/uvicorn/main.py", line 580, in run
    server.run()
  File "/home/ubuntu/backend-api-ai-monorepo/env/lib/python3.12/site-packages/uvicorn/server.py", line 66, in run
    return asyncio.run(self.serve(sockets=sockets))
           ^^^^^^^^^^^^^^^^^^^^^^^^^^^^^^^^^^^^^^^^
  File "/usr/lib/python3.12/asyncio/runners.py", line 194, in run
    return runner.run(main)
           ^^^^^^^^^^^^^^^^
  File "/usr/lib/python3.12/asyncio/runners.py", line 118, in run
    return self._loop.run_until_complete(task)
           ^^^^^^^^^^^^^^^^^^^^^^^^^^^^^^^^^^^
  File "/usr/lib/python3.12/asyncio/base_events.py", line 687, in run_until_complete
    return future.result()
           ^^^^^^^^^^^^^^^
  File "/home/ubuntu/backend-api-ai-monorepo/env/lib/python3.12/site-packages/uvicorn/server.py", line 70, in serve
    await self._serve(sockets)
  File "/home/ubuntu/backend-api-ai-monorepo/env/lib/python3.12/site-packages/uvicorn/server.py", line 77, in _serve
    config.load()
  File "/home/ubuntu/backend-api-ai-monorepo/env/lib/python3.12/site-packages/uvicorn/config.py", line 435, in load
    self.loaded_app = import_from_string(self.app)
                      ^^^^^^^^^^^^^^^^^^^^^^^^^^^^
  File "/home/ubuntu/backend-api-ai-monorepo/env/lib/python3.12/site-packages/uvicorn/importer.py", line 19, in import_from_string
    module = importlib.import_module(module_str)
             ^^^^^^^^^^^^^^^^^^^^^^^^^^^^^^^^^^^
  File "/usr/lib/python3.12/importlib/__init__.py", line 90, in import_module
    return _bootstrap._gcd_import(name[level:], package, level)
           ^^^^^^^^^^^^^^^^^^^^^^^^^^^^^^^^^^^^^^^^^^^^^^^^^^^^
  File "<frozen importlib._bootstrap>", line 1387, in _gcd_import
  File "<frozen importlib._bootstrap>", line 1360, in _find_and_load
  File "<frozen importlib._bootstrap>", line 1331, in _find_and_load_unlocked
  File "<frozen importlib._bootstrap>", line 935, in _load_unlocked
  File "<frozen importlib._bootstrap_external>", line 995, in exec_module
  File "<frozen importlib._bootstrap>", line 488, in _call_with_frames_removed
  File "/home/ubuntu/backend-api-ai-monorepo/apps/api-server/workspace/fastapi-project/main.py", line 5, in <module>
    from routers import user_router, hotel_router, flight_router, reservation_router, chat_log, price_track_router
  File "/home/ubuntu/backend-api-ai-monorepo/apps/api-server/workspace/fastapi-project/routers/__init__.py", line 5, in <module>
    from .price_track import router as price_track_router
  File "/home/ubuntu/backend-api-ai-monorepo/apps/api-server/workspace/fastapi-project/routers/price_track.py", line 6, in <module>
    from tasks.price_check_task import check_price
  File "/home/ubuntu/backend-api-ai-monorepo/apps/api-server/workspace/fastapi-project/tasks/__init__.py", line 2, in <module>
    from .price_check_task import check_price
  File "/home/ubuntu/backend-api-ai-monorepo/apps/api-server/workspace/fastapi-project/tasks/price_check_task.py", line 84
    else:
    ^^^^
SyntaxError: invalid syntax
/home/ubuntu/backend-api-ai-monorepo/env/lib/python3.12/site-packages/pydantic/_internal/_config.py:373: UserWarning: Valid config keys have changed in V2:
* 'orm_mode' has been renamed to 'from_attributes'
  warnings.warn(message, UserWarning)
[DEBUG] DATABASE_URL: mysql+pymysql://admin:capstone12345@database-bookie.cz4g462iwdl0.us-east-2.rds.amazonaws.com:3306/fastapi_project
[DEBUG] engine: Engine(mysql+pymysql://admin:***@database-bookie.cz4g462iwdl0.us-east-2.rds.amazonaws.com:3306/fastapi_project)
[DEBUG] SessionLocal: sessionmaker(class_='Session', autocommit=False, bind=Engine(mysql+pymysql://admin:***@database-bookie.cz4g462iwdl0.us-east-2.rds.amazonaws.com:3306/fastapi_project), autoflush=False, expire_on_commit=True)
Traceback (most recent call last):
  File "/home/ubuntu/backend-api-ai-monorepo/env/bin/uvicorn", line 8, in <module>
    sys.exit(main())
             ^^^^^^
  File "/home/ubuntu/backend-api-ai-monorepo/env/lib/python3.12/site-packages/click/core.py", line 1442, in __call__
    return self.main(*args, **kwargs)
           ^^^^^^^^^^^^^^^^^^^^^^^^^^
  File "/home/ubuntu/backend-api-ai-monorepo/env/lib/python3.12/site-packages/click/core.py", line 1363, in main
    rv = self.invoke(ctx)
         ^^^^^^^^^^^^^^^^
  File "/home/ubuntu/backend-api-ai-monorepo/env/lib/python3.12/site-packages/click/core.py", line 1226, in invoke
    return ctx.invoke(self.callback, **ctx.params)
           ^^^^^^^^^^^^^^^^^^^^^^^^^^^^^^^^^^^^^^^
  File "/home/ubuntu/backend-api-ai-monorepo/env/lib/python3.12/site-packages/click/core.py", line 794, in invoke
    return callback(*args, **kwargs)
           ^^^^^^^^^^^^^^^^^^^^^^^^^
  File "/home/ubuntu/backend-api-ai-monorepo/env/lib/python3.12/site-packages/uvicorn/main.py", line 413, in main
    run(
  File "/home/ubuntu/backend-api-ai-monorepo/env/lib/python3.12/site-packages/uvicorn/main.py", line 580, in run
    server.run()
  File "/home/ubuntu/backend-api-ai-monorepo/env/lib/python3.12/site-packages/uvicorn/server.py", line 66, in run
    return asyncio.run(self.serve(sockets=sockets))
           ^^^^^^^^^^^^^^^^^^^^^^^^^^^^^^^^^^^^^^^^
  File "/usr/lib/python3.12/asyncio/runners.py", line 194, in run
    return runner.run(main)
           ^^^^^^^^^^^^^^^^
  File "/usr/lib/python3.12/asyncio/runners.py", line 118, in run
    return self._loop.run_until_complete(task)
           ^^^^^^^^^^^^^^^^^^^^^^^^^^^^^^^^^^^
  File "/usr/lib/python3.12/asyncio/base_events.py", line 687, in run_until_complete
    return future.result()
           ^^^^^^^^^^^^^^^
  File "/home/ubuntu/backend-api-ai-monorepo/env/lib/python3.12/site-packages/uvicorn/server.py", line 70, in serve
    await self._serve(sockets)
  File "/home/ubuntu/backend-api-ai-monorepo/env/lib/python3.12/site-packages/uvicorn/server.py", line 77, in _serve
    config.load()
  File "/home/ubuntu/backend-api-ai-monorepo/env/lib/python3.12/site-packages/uvicorn/config.py", line 435, in load
    self.loaded_app = import_from_string(self.app)
                      ^^^^^^^^^^^^^^^^^^^^^^^^^^^^
  File "/home/ubuntu/backend-api-ai-monorepo/env/lib/python3.12/site-packages/uvicorn/importer.py", line 19, in import_from_string
    module = importlib.import_module(module_str)
             ^^^^^^^^^^^^^^^^^^^^^^^^^^^^^^^^^^^
  File "/usr/lib/python3.12/importlib/__init__.py", line 90, in import_module
    return _bootstrap._gcd_import(name[level:], package, level)
           ^^^^^^^^^^^^^^^^^^^^^^^^^^^^^^^^^^^^^^^^^^^^^^^^^^^^
  File "<frozen importlib._bootstrap>", line 1387, in _gcd_import
  File "<frozen importlib._bootstrap>", line 1360, in _find_and_load
  File "<frozen importlib._bootstrap>", line 1331, in _find_and_load_unlocked
  File "<frozen importlib._bootstrap>", line 935, in _load_unlocked
  File "<frozen importlib._bootstrap_external>", line 995, in exec_module
  File "<frozen importlib._bootstrap>", line 488, in _call_with_frames_removed
  File "/home/ubuntu/backend-api-ai-monorepo/apps/api-server/workspace/fastapi-project/main.py", line 5, in <module>
    from routers import user_router, hotel_router, flight_router, reservation_router, chat_log, price_track_router
  File "/home/ubuntu/backend-api-ai-monorepo/apps/api-server/workspace/fastapi-project/routers/__init__.py", line 5, in <module>
    from .price_track import router as price_track_router
  File "/home/ubuntu/backend-api-ai-monorepo/apps/api-server/workspace/fastapi-project/routers/price_track.py", line 6, in <module>
    from tasks.price_check_task import check_price
  File "/home/ubuntu/backend-api-ai-monorepo/apps/api-server/workspace/fastapi-project/tasks/__init__.py", line 2, in <module>
    from .price_check_task import check_price
  File "/home/ubuntu/backend-api-ai-monorepo/apps/api-server/workspace/fastapi-project/tasks/price_check_task.py", line 84
    else:
    ^^^^
SyntaxError: invalid syntax
